Git is a distributed version control system.
Git is free software distributed under the GPL.
Git has a mutable index called stage.
Git tracks changes of files.
Creating a new branch is quick and simple.
Creating another branch called dev.
i am angry
i am working on git/git/git
